06:36:17 **** Build of configuration Debug for project 1_f44_can_driver ****
make -j4 all 
arm-none-eabi-gcc -mcpu=cortex-m4 -g3 -DDEBUG -c -x assembler-with-cpp -MMD -MP -MF"Startup/startup_stm32f446retx.d" -MT"Startup/startup_stm32f446retx.o" --specs=nano.specs -mfpu=fpv4-sp-d16 -mfloat-abi=hard -mthumb -o "Startup/startup_stm32f446retx.o" "../Startup/startup_stm32f446retx.s"
arm-none-eabi-gcc "../Src/can_driver.c" -mcpu=cortex-m4 -std=gnu11 -g3 -DDEBUG -DSTM32F446xx -c -I../Inc -I"C:/Users/user/Documents/CANBus-GroundUp/1_f44_can_driver/chip_headers/CMSIS/Include" -I"C:/Users/user/Documents/CANBus-GroundUp/1_f44_can_driver/chip_headers/CMSIS/Device/ST/STM32F4xx/Include" -O0 -ffunction-sections -fdata-sections -Wall -fstack-usage -MMD -MP -MF"Src/can_driver.d" -MT"Src/can_driver.o" --specs=nano.specs -mfpu=fpv4-sp-d16 -mfloat-abi=hard -mthumb -o "Src/can_driver.o"
arm-none-eabi-gcc "../Src/main.c" -mcpu=cortex-m4 -std=gnu11 -g3 -DDEBUG -DSTM32F446xx -c -I../Inc -I"C:/Users/user/Documents/CANBus-GroundUp/1_f44_can_driver/chip_headers/CMSIS/Include" -I"C:/Users/user/Documents/CANBus-GroundUp/1_f44_can_driver/chip_headers/CMSIS/Device/ST/STM32F4xx/Include" -O0 -ffunction-sections -fdata-sections -Wall -fstack-usage -MMD -MP -MF"Src/main.d" -MT"Src/main.o" --specs=nano.specs -mfpu=fpv4-sp-d16 -mfloat-abi=hard -mthumb -o "Src/main.o"
arm-none-eabi-gcc "../Src/syscalls.c" -mcpu=cortex-m4 -std=gnu11 -g3 -DDEBUG -DSTM32F446xx -c -I../Inc -I"C:/Users/user/Documents/CANBus-GroundUp/1_f44_can_driver/chip_headers/CMSIS/Include" -I"C:/Users/user/Documents/CANBus-GroundUp/1_f44_can_driver/chip_headers/CMSIS/Device/ST/STM32F4xx/Include" -O0 -ffunction-sections -fdata-sections -Wall -fstack-usage -MMD -MP -MF"Src/syscalls.d" -MT"Src/syscalls.o" --specs=nano.specs -mfpu=fpv4-sp-d16 -mfloat-abi=hard -mthumb -o "Src/syscalls.o"
arm-none-eabi-gcc "../Src/sysmem.c" -mcpu=cortex-m4 -std=gnu11 -g3 -DDEBUG -DSTM32F446xx -c -I../Inc -I"C:/Users/user/Documents/CANBus-GroundUp/1_f44_can_driver/chip_headers/CMSIS/Include" -I"C:/Users/user/Documents/CANBus-GroundUp/1_f44_can_driver/chip_headers/CMSIS/Device/ST/STM32F4xx/Include" -O0 -ffunction-sections -fdata-sections -Wall -fstack-usage -MMD -MP -MF"Src/sysmem.d" -MT"Src/sysmem.o" --specs=nano.specs -mfpu=fpv4-sp-d16 -mfloat-abi=hard -mthumb -o "Src/sysmem.o"
arm-none-eabi-gcc -o "1_f44_can_driver.elf" @"objects.list"   -mcpu=cortex-m4 -T"C:\Users\user\Documents\CANBus-GroundUp\1_f44_can_driver\STM32F446RETX_FLASH.ld" --specs=nosys.specs -Wl,-Map="1_f44_can_driver.map" -Wl,--gc-sections -static --specs=nano.specs -mfpu=fpv4-sp-d16 -mfloat-abi=hard -mthumb -Wl,--start-group -lc -lm -Wl,--end-group
Finished building target: 1_f44_can_driver.elf
 
arm-none-eabi-size   1_f44_can_driver.elf 
arm-none-eabi-objdump -h -S  1_f44_can_driver.elf  > "1_f44_can_driver.list"
   text	   data	    bss	    dec	    hex	filename
    784	      8	   1568	   2360	    938	1_f44_can_driver.elf
Finished building: default.size.stdout
 
Finished building: 1_f44_can_driver.list
 

06:36:20 Build Finished. 0 errors, 0 warnings. (took 3s.183ms)

