03:40:25 **** Incremental Build of configuration Debug for project 3_f44_can_normal-mode_rx ****
make -j4 all 
arm-none-eabi-gcc "../Src/main.c" -mcpu=cortex-m4 -std=gnu11 -g3 -DDEBUG -DSTM32F446xx -c -I../Inc -I"C:/Users/user/Documents/CANBus-GroundUp/3_f44_can_normal-mode_rx/chip_headers/CMSIS/Include" -I"C:/Users/user/Documents/CANBus-GroundUp/3_f44_can_normal-mode_rx/chip_headers/CMSIS/Device/ST/STM32F4xx/Include" -O0 -ffunction-sections -fdata-sections -Wall -fstack-usage -MMD -MP -MF"Src/main.d" -MT"Src/main.o" --specs=nano.specs -mfpu=fpv4-sp-d16 -mfloat-abi=hard -mthumb -o "Src/main.o"
arm-none-eabi-gcc -o "3_f44_can_normal-mode_rx.elf" @"objects.list"   -mcpu=cortex-m4 -T"C:\Users\user\Documents\CANBus-GroundUp\3_f44_can_normal-mode_rx\STM32F446RETX_FLASH.ld" --specs=nosys.specs -Wl,-Map="3_f44_can_normal-mode_rx.map" -Wl,--gc-sections -static --specs=nano.specs -mfpu=fpv4-sp-d16 -mfloat-abi=hard -mthumb -Wl,--start-group -lc -lm -Wl,--end-group
Finished building target: 3_f44_can_normal-mode_rx.elf
 
arm-none-eabi-size   3_f44_can_normal-mode_rx.elf 
arm-none-eabi-objdump -h -S  3_f44_can_normal-mode_rx.elf  > "3_f44_can_normal-mode_rx.list"
   text	   data	    bss	    dec	    hex	filename
   8520	    108	   1692	  10320	   2850	3_f44_can_normal-mode_rx.elf
Finished building: default.size.stdout
 
Finished building: 3_f44_can_normal-mode_rx.list
 
