08:17:29 **** Incremental Build of configuration Debug for project 6_system_drivers-spi ****
make -j8 all 
arm-none-eabi-gcc "../Src/spi.c" -mcpu=cortex-m4 -std=gnu11 -g3 -DDEBUG -DSTM32 -DSTM32F4 -DSTM32F411RETx -DSTM32F411xE -c -I"C:/Users/Gaming Laptop RTX/Documents/STM32BareMetal-Projects/6_system_drivers-spi/chip_headers/CMSIS/Include" -I"C:/Users/Gaming Laptop RTX/Documents/STM32BareMetal-Projects/6_system_drivers-spi/chip_headers/CMSIS/Device/ST/STM32F4xx/Include" -I"C:/Users/Gaming Laptop RTX/Documents/STM32BareMetal-Projects/6_system_drivers-spi/Inc" -O0 -ffunction-sections -fdata-sections -Wall -fstack-usage -MMD -MP -MF"Src/spi.d" -MT"Src/spi.o" --specs=nano.specs -mfpu=fpv4-sp-d16 -mfloat-abi=hard -mthumb -o "Src/spi.o"
arm-none-eabi-gcc -o "6_system_drivers-spi.elf" @"objects.list"   -mcpu=cortex-m4 -T"C:\Users\Gaming Laptop RTX\Documents\STM32BareMetal-Projects\6_system_drivers-spi\STM32F411RETX_FLASH.ld" --specs=nosys.specs -Wl,-Map="6_system_drivers-spi.map" -Wl,--gc-sections -static --specs=nano.specs -mfpu=fpv4-sp-d16 -mfloat-abi=hard -mthumb -Wl,--start-group -lc -lm -Wl,--end-group
Finished building target: 6_system_drivers-spi.elf
 
arm-none-eabi-objdump -h -S  6_system_drivers-spi.elf  > "6_system_drivers-spi.list"
arm-none-eabi-objcopy  -O binary  6_system_drivers-spi.elf  "6_system_drivers-spi.bin"
arm-none-eabi-size   6_system_drivers-spi.elf 
   text	   data	    bss	    dec	    hex	filename
   3020	     12	   1652	   4684	   124c	6_system_drivers-spi.elf
Finished building: default.size.stdout
Finished building: 6_system_drivers-spi.bin
Finished building: 6_system_drivers-spi.list
 
 
 
08:17:35 **** Incremental Build of configuration Debug for project 6_system_drivers-spi ****
make -j8 all 
arm-none-eabi-size   6_system_drivers-spi.elf 
   text	   data	    bss	    dec	    hex	filename
   3020	     12	   1652	   4684	   124c	6_system_drivers-spi.elf
Finished building: default.size.stdout
 
